type = dll
name = "VDISK"

exports = {
   _shl_ramdisk       = { index =  1  group="shell"  format="usp"           }
}

class = {
   name = qs_vdisk
   entries = {
      init    = "@uppuu@uucc&@*u"
      load    = "@upps@u&@up"
      free    = "upp"
      query   = "@uppp&@*u&@*u&@*u&@*u"
      setgeo  = "@uppp"
   }
}
